20:20:17 **** Build of configuration Debug for project toggle_leds ****
make -j11 all 
arm-none-eabi-gcc -mcpu=cortex-m4 -g3 -DDEBUG -c -x assembler-with-cpp -MMD -MP -MF"Startup/startup_stm32f407vgtx.d" -MT"Startup/startup_stm32f407vgtx.o" --specs=nano.specs -mfpu=fpv4-sp-d16 -mfloat-abi=hard -mthumb -o "Startup/startup_stm32f407vgtx.o" "../Startup/startup_stm32f407vgtx.s"
arm-none-eabi-gcc "../Src/main.c" -mcpu=cortex-m4 -std=gnu11 -g3 -DDEBUG -DSTM32 -DSTM32F407G_DISC1 -DSTM32F4 -DSTM32F407VGTx -c -I../Inc -O0 -ffunction-sections -fdata-sections -Wall -fstack-usage -MMD -MP -MF"Src/main.d" -MT"Src/main.o" --specs=nano.specs -mfpu=fpv4-sp-d16 -mfloat-abi=hard -mthumb -o "Src/main.o"
arm-none-eabi-gcc "../Src/syscalls.c" -mcpu=cortex-m4 -std=gnu11 -g3 -DDEBUG -DSTM32 -DSTM32F407G_DISC1 -DSTM32F4 -DSTM32F407VGTx -c -I../Inc -O0 -ffunction-sections -fdata-sections -Wall -fstack-usage -MMD -MP -MF"Src/syscalls.d" -MT"Src/syscalls.o" --specs=nano.specs -mfpu=fpv4-sp-d16 -mfloat-abi=hard -mthumb -o "Src/syscalls.o"
arm-none-eabi-gcc "../Src/sysmem.c" -mcpu=cortex-m4 -std=gnu11 -g3 -DDEBUG -DSTM32 -DSTM32F407G_DISC1 -DSTM32F4 -DSTM32F407VGTx -c -I../Inc -O0 -ffunction-sections -fdata-sections -Wall -fstack-usage -MMD -MP -MF"Src/sysmem.d" -MT"Src/sysmem.o" --specs=nano.specs -mfpu=fpv4-sp-d16 -mfloat-abi=hard -mthumb -o "Src/sysmem.o"
../Src/main.c: In function 'main':
../Src/main.c:18:72: error: '_RCC_AHB1ENR_OFFSET' undeclared (first use in this function)
   18 | #define _RCC_AHB1EN_R_BASE    (*(volatile unsigned int *) (_RCC_BASE + _RCC_AHB1ENR_OFFSET))
      |                                                                        ^~~~~~~~~~~~~~~~~~~
../Src/main.c:29:3: note: in expansion of macro '_RCC_AHB1EN_R_BASE'
   29 |   _RCC_AHB1EN_R_BASE |= (1UL << 3);
      |   ^~~~~~~~~~~~~~~~~~
../Src/main.c:18:72: note: each undeclared identifier is reported only once for each function it appears in
   18 | #define _RCC_AHB1EN_R_BASE    (*(volatile unsigned int *) (_RCC_BASE + _RCC_AHB1ENR_OFFSET))
      |                                                                        ^~~~~~~~~~~~~~~~~~~
../Src/main.c:29:3: note: in expansion of macro '_RCC_AHB1EN_R_BASE'
   29 |   _RCC_AHB1EN_R_BASE |= (1UL << 3);
      |   ^~~~~~~~~~~~~~~~~~
../Src/main.c:30:17: error: lvalue required as left operand of assignment
   30 |   _GPIOD_MODE_R |= (1UL << 24);
      |                 ^~
../Src/main.c:31:17: error: lvalue required as left operand of assignment
   31 |   _GPIOD_MODE_R &=~ (1UL << 25);
      |                 ^~
../Src/main.c:13:74: error: '_GPIOX_ODR_OFFSET' undeclared (first use in this function)
   13 | #define _GPIOD_OD_R           (*(volatile unsigned int *) (_GPIOD_BASE + _GPIOX_ODR_OFFSET))
      |                                                                          ^~~~~~~~~~~~~~~~~
../Src/main.c:34:5: note: in expansion of macro '_GPIOD_OD_R'
   34 |     _GPIOD_OD_R |= (1U << 12);
      |     ^~~~~~~~~~~
make: *** [Src/subdir.mk:25: Src/main.o] Error 1
make: *** Waiting for unfinished jobs....
"make -j11 all" terminated with exit code 2. Build might be incomplete.
20:21:00 **** Incremental Build of configuration Debug for project toggle_leds ****
make -j11 all 
arm-none-eabi-gcc "../Src/main.c" -mcpu=cortex-m4 -std=gnu11 -g3 -DDEBUG -DSTM32 -DSTM32F407G_DISC1 -DSTM32F4 -DSTM32F407VGTx -c -I../Inc -O0 -ffunction-sections -fdata-sections -Wall -fstack-usage -MMD -MP -MF"Src/main.d" -MT"Src/main.o" --specs=nano.specs -mfpu=fpv4-sp-d16 -mfloat-abi=hard -mthumb -o "Src/main.o"
../Src/main.c: In function 'main':
../Src/main.c:30:17: error: lvalue required as left operand of assignment
   30 |   _GPIOD_MODE_R |= (1UL << 24);
      |                 ^~
../Src/main.c:31:17: error: lvalue required as left operand of assignment
   31 |   _GPIOD_MODE_R &=~ (1UL << 25);
      |                 ^~
make: *** [Src/subdir.mk:25: Src/main.o] Error 1
"make -j11 all" terminated with exit code 2. Build might be incomplete.
20:21:52 **** Incremental Build of configuration Debug for project toggle_leds ****
make -j11 all 
arm-none-eabi-gcc "../Src/main.c" -mcpu=cortex-m4 -std=gnu11 -g3 -DDEBUG -DSTM32 -DSTM32F407G_DISC1 -DSTM32F4 -DSTM32F407VGTx -c -I../Inc -O0 -ffunction-sections -fdata-sections -Wall -fstack-usage -MMD -MP -MF"Src/main.d" -MT"Src/main.o" --specs=nano.specs -mfpu=fpv4-sp-d16 -mfloat-abi=hard -mthumb -o "Src/main.o"
arm-none-eabi-gcc -o "toggle_leds.elf" @"objects.list"   -mcpu=cortex-m4 -T"/Users/rsoni/tmp_backup_no_cloud/rsoni-git/demos/embedded/toggle_leds/STM32F407VGTX_FLASH.ld" --specs=nosys.specs -Wl,-Map="toggle_leds.map" -Wl,--gc-sections -static --specs=nano.specs -mfpu=fpv4-sp-d16 -mfloat-abi=hard -mthumb -Wl,--start-group -lc -lm -Wl,--end-group
Finished building target: toggle_leds.elf
 
arm-none-eabi-size   toggle_leds.elf 
arm-none-eabi-objdump -h -S  toggle_leds.elf  > "toggle_leds.list"
   text	   data	    bss	    dec	    hex	filename
    736	      8	   1568	   2312	    908	toggle_leds.elf
Finished building: default.size.stdout
 
Finished building: toggle_leds.list
 
20:22:31 **** Incremental Build of configuration Debug for project toggle_leds ****
make -j11 all 
arm-none-eabi-size   toggle_leds.elf 
   text	   data	    bss	    dec	    hex	filename
    736	      8	   1568	   2312	    908	toggle_leds.elf
Finished building: default.size.stdout
 
20:22:55 **** Incremental Build of configuration Debug for project toggle_leds ****
make -j11 all 
arm-none-eabi-size   toggle_leds.elf 
   text	   data	    bss	    dec	    hex	filename
    736	      8	   1568	   2312	    908	toggle_leds.elf
Finished building: default.size.stdout
 
20:30:51 **** Incremental Build of configuration Debug for project toggle_leds ****
make -j11 all 
arm-none-eabi-gcc "../Src/main.c" -mcpu=cortex-m4 -std=gnu11 -g3 -DDEBUG -DSTM32 -DSTM32F407G_DISC1 -DSTM32F4 -DSTM32F407VGTx -c -I../Inc -O0 -ffunction-sections -fdata-sections -Wall -fstack-usage -MMD -MP -MF"Src/main.d" -MT"Src/main.o" --specs=nano.specs -mfpu=fpv4-sp-d16 -mfloat-abi=hard -mthumb -o "Src/main.o"
arm-none-eabi-gcc -o "toggle_leds.elf" @"objects.list"   -mcpu=cortex-m4 -T"/Users/rsoni/tmp_backup_no_cloud/rsoni-git/demos/embedded/toggle_leds/STM32F407VGTX_FLASH.ld" --specs=nosys.specs -Wl,-Map="toggle_leds.map" -Wl,--gc-sections -static --specs=nano.specs -mfpu=fpv4-sp-d16 -mfloat-abi=hard -mthumb -Wl,--start-group -lc -lm -Wl,--end-group
Finished building target: toggle_leds.elf
 
arm-none-eabi-size   toggle_leds.elf 
arm-none-eabi-objdump -h -S  toggle_leds.elf  > "toggle_leds.list"
   text	   data	    bss	    dec	    hex	filename
    736	      8	   1568	   2312	    908	toggle_leds.elf
Finished building: default.size.stdout
 
Finished building: toggle_leds.list
 
20:33:32 **** Incremental Build of configuration Debug for project toggle_leds ****
make -j11 all 
arm-none-eabi-gcc "../Src/main.c" -mcpu=cortex-m4 -std=gnu11 -g3 -DDEBUG -DSTM32 -DSTM32F407G_DISC1 -DSTM32F4 -DSTM32F407VGTx -c -I../Inc -O0 -ffunction-sections -fdata-sections -Wall -fstack-usage -MMD -MP -MF"Src/main.d" -MT"Src/main.o" --specs=nano.specs -mfpu=fpv4-sp-d16 -mfloat-abi=hard -mthumb -o "Src/main.o"
arm-none-eabi-gcc -o "toggle_leds.elf" @"objects.list"   -mcpu=cortex-m4 -T"/Users/rsoni/tmp_backup_no_cloud/rsoni-git/demos/embedded/toggle_leds/STM32F407VGTX_FLASH.ld" --specs=nosys.specs -Wl,-Map="toggle_leds.map" -Wl,--gc-sections -static --specs=nano.specs -mfpu=fpv4-sp-d16 -mfloat-abi=hard -mthumb -Wl,--start-group -lc -lm -Wl,--end-group
Finished building target: toggle_leds.elf
 
arm-none-eabi-size   toggle_leds.elf 
arm-none-eabi-objdump -h -S  toggle_leds.elf  > "toggle_leds.list"
   text	   data	    bss	    dec	    hex	filename
    772	      8	   1568	   2348	    92c	toggle_leds.elf
Finished building: default.size.stdout
 
Finished building: toggle_leds.list
 
20:34:13 **** Incremental Build of configuration Debug for project toggle_leds ****
make -j11 all 
arm-none-eabi-gcc "../Src/main.c" -mcpu=cortex-m4 -std=gnu11 -g3 -DDEBUG -DSTM32 -DSTM32F407G_DISC1 -DSTM32F4 -DSTM32F407VGTx -c -I../Inc -O0 -ffunction-sections -fdata-sections -Wall -fstack-usage -MMD -MP -MF"Src/main.d" -MT"Src/main.o" --specs=nano.specs -mfpu=fpv4-sp-d16 -mfloat-abi=hard -mthumb -o "Src/main.o"
../Src/main.c: In function 'main':
../Src/main.c:39:5: warning: implicit declaration of function 'sleep' [-Wimplicit-function-declaration]
   39 |     sleep(0.5);
      |     ^~~~~
arm-none-eabi-gcc -o "toggle_leds.elf" @"objects.list"   -mcpu=cortex-m4 -T"/Users/rsoni/tmp_backup_no_cloud/rsoni-git/demos/embedded/toggle_leds/STM32F407VGTX_FLASH.ld" --specs=nosys.specs -Wl,-Map="toggle_leds.map" -Wl,--gc-sections -static --specs=nano.specs -mfpu=fpv4-sp-d16 -mfloat-abi=hard -mthumb -Wl,--start-group -lc -lm -Wl,--end-group
/Applications/STM32CubeIDE.app/Contents/Eclipse/plugins/com.st.stm32cube.ide.mcu.externaltools.gnu-tools-for-stm32.10.3-2021.10.macos64_1.0.0.202111181127/tools/bin/../lib/gcc/arm-none-eabi/10.3.1/../../../../arm-none-eabi/bin/ld: ./Src/main.o: in function `main':
/Users/rsoni/tmp_backup_no_cloud/rsoni-git/demos/embedded/toggle_leds/Debug/../Src/main.c:39: undefined reference to `sleep'
collect2: error: ld returned 1 exit status
make: *** [makefile:63: toggle_leds.elf] Error 1
"make -j11 all" terminated with exit code 2. Build might be incomplete.
20:35:07 **** Incremental Build of configuration Debug for project toggle_leds ****
make -j11 all 
arm-none-eabi-gcc "../Src/main.c" -mcpu=cortex-m4 -std=gnu11 -g3 -DDEBUG -DSTM32 -DSTM32F407G_DISC1 -DSTM32F4 -DSTM32F407VGTx -c -I../Inc -O0 -ffunction-sections -fdata-sections -Wall -fstack-usage -MMD -MP -MF"Src/main.d" -MT"Src/main.o" --specs=nano.specs -mfpu=fpv4-sp-d16 -mfloat-abi=hard -mthumb -o "Src/main.o"
arm-none-eabi-gcc -o "toggle_leds.elf" @"objects.list"   -mcpu=cortex-m4 -T"/Users/rsoni/tmp_backup_no_cloud/rsoni-git/demos/embedded/toggle_leds/STM32F407VGTX_FLASH.ld" --specs=nosys.specs -Wl,-Map="toggle_leds.map" -Wl,--gc-sections -static --specs=nano.specs -mfpu=fpv4-sp-d16 -mfloat-abi=hard -mthumb -Wl,--start-group -lc -lm -Wl,--end-group
/Applications/STM32CubeIDE.app/Contents/Eclipse/plugins/com.st.stm32cube.ide.mcu.externaltools.gnu-tools-for-stm32.10.3-2021.10.macos64_1.0.0.202111181127/tools/bin/../lib/gcc/arm-none-eabi/10.3.1/../../../../arm-none-eabi/bin/ld: ./Src/main.o: in function `main':
/Users/rsoni/tmp_backup_no_cloud/rsoni-git/demos/embedded/toggle_leds/Debug/../Src/main.c:41: undefined reference to `sleep'
collect2: error: ld returned 1 exit status
make: *** [makefile:63: toggle_leds.elf] Error 1
"make -j11 all" terminated with exit code 2. Build might be incomplete.
20:39:00 **** Incremental Build of configuration Debug for project toggle_leds ****
make -j11 all 
arm-none-eabi-gcc "../Src/main.c" -mcpu=cortex-m4 -std=gnu11 -g3 -DDEBUG -DSTM32 -DSTM32F407G_DISC1 -DSTM32F4 -DSTM32F407VGTx -c -I../Inc -O0 -ffunction-sections -fdata-sections -Wall -fstack-usage -MMD -MP -MF"Src/main.d" -MT"Src/main.o" --specs=nano.specs -mfpu=fpv4-sp-d16 -mfloat-abi=hard -mthumb -o "Src/main.o"
arm-none-eabi-gcc -o "toggle_leds.elf" @"objects.list"   -mcpu=cortex-m4 -T"/Users/rsoni/tmp_backup_no_cloud/rsoni-git/demos/embedded/toggle_leds/STM32F407VGTX_FLASH.ld" --specs=nosys.specs -Wl,-Map="toggle_leds.map" -Wl,--gc-sections -static --specs=nano.specs -mfpu=fpv4-sp-d16 -mfloat-abi=hard -mthumb -Wl,--start-group -lc -lm -Wl,--end-group
Finished building target: toggle_leds.elf
 
arm-none-eabi-size   toggle_leds.elf 
arm-none-eabi-objdump -h -S  toggle_leds.elf  > "toggle_leds.list"
   text	   data	    bss	    dec	    hex	filename
    848	      8	   1568	   2424	    978	toggle_leds.elf
Finished building: default.size.stdout
 
Finished building: toggle_leds.list
 
20:39:38 **** Incremental Build of configuration Debug for project toggle_leds ****
make -j11 all 
arm-none-eabi-gcc "../Src/main.c" -mcpu=cortex-m4 -std=gnu11 -g3 -DDEBUG -DSTM32 -DSTM32F407G_DISC1 -DSTM32F4 -DSTM32F407VGTx -c -I../Inc -O0 -ffunction-sections -fdata-sections -Wall -fstack-usage -MMD -MP -MF"Src/main.d" -MT"Src/main.o" --specs=nano.specs -mfpu=fpv4-sp-d16 -mfloat-abi=hard -mthumb -o "Src/main.o"
arm-none-eabi-gcc -o "toggle_leds.elf" @"objects.list"   -mcpu=cortex-m4 -T"/Users/rsoni/tmp_backup_no_cloud/rsoni-git/demos/embedded/toggle_leds/STM32F407VGTX_FLASH.ld" --specs=nosys.specs -Wl,-Map="toggle_leds.map" -Wl,--gc-sections -static --specs=nano.specs -mfpu=fpv4-sp-d16 -mfloat-abi=hard -mthumb -Wl,--start-group -lc -lm -Wl,--end-group
Finished building target: toggle_leds.elf
 
arm-none-eabi-size   toggle_leds.elf 
arm-none-eabi-objdump -h -S  toggle_leds.elf  > "toggle_leds.list"
   text	   data	    bss	    dec	    hex	filename
    856	      8	   1568	   2432	    980	toggle_leds.elf
Finished building: default.size.stdout
 
Finished building: toggle_leds.list
 
20:41:17 **** Incremental Build of configuration Debug for project toggle_leds ****
make -j11 all 
arm-none-eabi-gcc "../Src/main.c" -mcpu=cortex-m4 -std=gnu11 -g3 -DDEBUG -DSTM32 -DSTM32F407G_DISC1 -DSTM32F4 -DSTM32F407VGTx -c -I../Inc -O0 -ffunction-sections -fdata-sections -Wall -fstack-usage -MMD -MP -MF"Src/main.d" -MT"Src/main.o" --specs=nano.specs -mfpu=fpv4-sp-d16 -mfloat-abi=hard -mthumb -o "Src/main.o"
arm-none-eabi-gcc -o "toggle_leds.elf" @"objects.list"   -mcpu=cortex-m4 -T"/Users/rsoni/tmp_backup_no_cloud/rsoni-git/demos/embedded/toggle_leds/STM32F407VGTX_FLASH.ld" --specs=nosys.specs -Wl,-Map="toggle_leds.map" -Wl,--gc-sections -static --specs=nano.specs -mfpu=fpv4-sp-d16 -mfloat-abi=hard -mthumb -Wl,--start-group -lc -lm -Wl,--end-group
Finished building target: toggle_leds.elf
 
arm-none-eabi-size   toggle_leds.elf 
arm-none-eabi-objdump -h -S  toggle_leds.elf  > "toggle_leds.list"
   text	   data	    bss	    dec	    hex	filename
    824	      8	   1568	   2400	    960	toggle_leds.elf
Finished building: default.size.stdout
 
Finished building: toggle_leds.list
 
20:41:46 **** Incremental Build of configuration Debug for project toggle_leds ****
make -j11 all 
arm-none-eabi-gcc "../Src/main.c" -mcpu=cortex-m4 -std=gnu11 -g3 -DDEBUG -DSTM32 -DSTM32F407G_DISC1 -DSTM32F4 -DSTM32F407VGTx -c -I../Inc -O0 -ffunction-sections -fdata-sections -Wall -fstack-usage -MMD -MP -MF"Src/main.d" -MT"Src/main.o" --specs=nano.specs -mfpu=fpv4-sp-d16 -mfloat-abi=hard -mthumb -o "Src/main.o"
arm-none-eabi-gcc -o "toggle_leds.elf" @"objects.list"   -mcpu=cortex-m4 -T"/Users/rsoni/tmp_backup_no_cloud/rsoni-git/demos/embedded/toggle_leds/STM32F407VGTX_FLASH.ld" --specs=nosys.specs -Wl,-Map="toggle_leds.map" -Wl,--gc-sections -static --specs=nano.specs -mfpu=fpv4-sp-d16 -mfloat-abi=hard -mthumb -Wl,--start-group -lc -lm -Wl,--end-group
Finished building target: toggle_leds.elf
 
arm-none-eabi-size   toggle_leds.elf 
arm-none-eabi-objdump -h -S  toggle_leds.elf  > "toggle_leds.list"
   text	   data	    bss	    dec	    hex	filename
    824	      8	   1568	   2400	    960	toggle_leds.elf
Finished building: default.size.stdout
 
Finished building: toggle_leds.list
 
20:43:29 **** Incremental Build of configuration Debug for project toggle_leds ****
make -j11 all 
arm-none-eabi-gcc "../Src/main.c" -mcpu=cortex-m4 -std=gnu11 -g3 -DDEBUG -DSTM32 -DSTM32F407G_DISC1 -DSTM32F4 -DSTM32F407VGTx -c -I../Inc -O0 -ffunction-sections -fdata-sections -Wall -fstack-usage -MMD -MP -MF"Src/main.d" -MT"Src/main.o" --specs=nano.specs -mfpu=fpv4-sp-d16 -mfloat-abi=hard -mthumb -o "Src/main.o"
arm-none-eabi-gcc -o "toggle_leds.elf" @"objects.list"   -mcpu=cortex-m4 -T"/Users/rsoni/tmp_backup_no_cloud/rsoni-git/demos/embedded/toggle_leds/STM32F407VGTX_FLASH.ld" --specs=nosys.specs -Wl,-Map="toggle_leds.map" -Wl,--gc-sections -static --specs=nano.specs -mfpu=fpv4-sp-d16 -mfloat-abi=hard -mthumb -Wl,--start-group -lc -lm -Wl,--end-group
Finished building target: toggle_leds.elf
 
arm-none-eabi-size   toggle_leds.elf 
arm-none-eabi-objdump -h -S  toggle_leds.elf  > "toggle_leds.list"
   text	   data	    bss	    dec	    hex	filename
    896	      8	   1568	   2472	    9a8	toggle_leds.elf
Finished building: default.size.stdout
 
Finished building: toggle_leds.list
 
