20:43:29 **** Incremental Build of configuration Debug for project toggle_leds ****
make -j11 all 
arm-none-eabi-gcc "../Src/main.c" -mcpu=cortex-m4 -std=gnu11 -g3 -DDEBUG -DSTM32 -DSTM32F407G_DISC1 -DSTM32F4 -DSTM32F407VGTx -c -I../Inc -O0 -ffunction-sections -fdata-sections -Wall -fstack-usage -MMD -MP -MF"Src/main.d" -MT"Src/main.o" --specs=nano.specs -mfpu=fpv4-sp-d16 -mfloat-abi=hard -mthumb -o "Src/main.o"
arm-none-eabi-gcc -o "toggle_leds.elf" @"objects.list"   -mcpu=cortex-m4 -T"/Users/rsoni/tmp_backup_no_cloud/rsoni-git/demos/embedded/toggle_leds/STM32F407VGTX_FLASH.ld" --specs=nosys.specs -Wl,-Map="toggle_leds.map" -Wl,--gc-sections -static --specs=nano.specs -mfpu=fpv4-sp-d16 -mfloat-abi=hard -mthumb -Wl,--start-group -lc -lm -Wl,--end-group
Finished building target: toggle_leds.elf
 
arm-none-eabi-size   toggle_leds.elf 
arm-none-eabi-objdump -h -S  toggle_leds.elf  > "toggle_leds.list"
   text	   data	    bss	    dec	    hex	filename
    896	      8	   1568	   2472	    9a8	toggle_leds.elf
Finished building: default.size.stdout
 
Finished building: toggle_leds.list
 

20:43:30 Build Finished. 0 errors, 0 warnings. (took 677ms)

